-2.76125198e-14 -nan -nan -nan -nan -nan -nan
2.76125198e+00 -nan -nan -nan -nan -nan -nan
5.52250396e+00 -nan -nan -nan -nan -nan -nan
8.28375594e+00 -nan -nan -nan -nan -nan -nan
1.10450079e+01 -nan -nan -nan -nan -nan -nan
1.38062599e+01 -nan -nan -nan -nan -nan -nan
1.65675119e+01 -nan -nan -nan -nan -nan -nan
1.93287639e+01 -nan -nan -nan -nan -nan -nan
2.20900158e+01 -nan -nan -nan -nan -nan -nan
2.48512678e+01 -nan -nan -nan -nan -nan -nan
2.76125198e+01 -nan -nan -nan -nan -nan -nan
3.03737718e+01 -nan -nan -nan -nan -nan -nan
3.31350238e+01 -nan -nan -nan -nan -nan -nan
3.58962757e+01 -nan -nan -nan -nan -nan -nan
3.86575277e+01 -nan -nan -nan -nan -nan -nan
4.14187797e+01 -nan -nan -nan -nan -nan -nan
4.41800317e+01 -nan -nan -nan -nan -nan -nan
4.69412837e+01 -nan -nan -nan -nan -nan -nan
4.97025356e+01 -nan -nan -nan -nan -nan -nan
5.24637876e+01 -nan -nan -nan -nan -nan -nan
5.52250396e+01 -nan -nan -nan -nan -nan -nan
5.79862916e+01 -nan -nan -nan -nan -nan -nan
6.07475436e+01 -nan -nan -nan -nan -nan -nan
6.35087956e+01 -nan -nan -nan -nan -nan -nan
6.62700475e+01 -nan -nan -nan -nan -nan -nan
6.90312995e+01 -nan -nan -nan -nan -nan -nan
7.17925515e+01 -nan -nan -nan -nan -nan -nan
7.45538035e+01 -nan -nan -nan -nan -nan -nan
7.73150555e+01 -nan -nan -nan -nan -nan -nan
8.00763074e+01 -nan -nan -nan -nan -nan -nan
8.28375594e+01 -nan -nan -nan -nan -nan -nan
8.55988114e+01 -nan -nan -nan -nan -nan -nan
8.83600634e+01 -nan -nan -nan -nan -nan -nan
9.11213154e+01 -nan -nan -nan -nan -nan -nan
9.38825673e+01 -nan -nan -nan -nan -nan -nan
9.66438193e+01 -nan -nan -nan -nan -nan -nan
9.94050713e+01 -nan -nan -nan -nan -nan -nan
1.02166323e+02 -nan -nan -nan -nan -nan -nan
1.04927575e+02 -nan -nan -nan -nan -nan -nan
1.07688827e+02 -nan -nan -nan -nan -nan -nan
1.10450079e+02 -nan -nan -nan -nan -nan -nan
1.13211331e+02 -nan -nan -nan -nan -nan -nan
1.15972583e+02 -nan -nan -nan -nan -nan -nan
1.18733835e+02 -nan -nan -nan -nan -nan -nan
1.21495087e+02 -nan -nan -nan -nan -nan -nan
1.24256339e+02 -nan -nan -nan -nan -nan -nan
1.27017591e+02 -nan -nan -nan -nan -nan -nan
1.29778843e+02 -nan -nan -nan -nan -nan -nan
1.32540095e+02 -nan -nan -nan -nan -nan -nan
1.35301347e+02 -nan -nan -nan -nan -nan -nan
1.38062599e+02 -nan -nan -nan -nan -nan -nan
1.40823851e+02 -nan -nan -nan -nan -nan -nan
1.43585103e+02 -nan -nan -nan -nan -nan -nan
1.46346355e+02 -nan -nan -nan -nan -nan -nan
1.49107607e+02 -nan -nan -nan -nan -nan -nan
1.51868859e+02 -nan -nan -nan -nan -nan -nan
1.54630111e+02 -nan -nan -nan -nan -nan -nan
1.57391363e+02 -nan -nan -nan -nan -nan -nan
1.60152615e+02 -nan -nan -nan -nan -nan -nan
1.62913867e+02 -nan -nan -nan -nan -nan -nan
1.65675119e+02 -nan -nan -nan -nan -nan -nan
1.68436371e+02 -nan -nan -nan -nan -nan -nan
1.71197623e+02 -nan -nan -nan -nan -nan -nan
1.73958875e+02 -nan -nan -nan -nan -nan -nan
1.76720127e+02 -nan -nan -nan -nan -nan -nan
1.79481379e+02 -nan -nan -nan -nan -nan -nan
1.82242631e+02 -nan -nan -nan -nan -nan -nan
1.85003883e+02 -nan -nan -nan -nan -nan -nan
1.87765135e+02 -nan -nan -nan -nan -nan -nan
1.90526387e+02 -nan -nan -nan -nan -nan -nan
1.93287639e+02 -nan -nan -nan -nan -nan -nan
1.96048891e+02 -nan -nan -nan -nan -nan -nan
1.98810143e+02 -nan -nan -nan -nan -nan -nan
2.01571395e+02 -nan -nan -nan -nan -nan -nan
2.04332647e+02 -nan -nan -nan -nan -nan -nan
2.07093899e+02 -nan -nan -nan -nan -nan -nan
2.09855151e+02 -nan -nan -nan -nan -nan -nan
2.12616403e+02 -nan -nan -nan -nan -nan -nan
2.15377654e+02 -nan -nan -nan -nan -nan -nan
2.18138906e+02 -nan -nan -nan -nan -nan -nan
2.20900158e+02 -nan -nan -nan -nan -nan -nan
2.23661410e+02 -nan -nan -nan -nan -nan -nan
2.26422662e+02 -nan -nan -nan -nan -nan -nan
2.29183914e+02 -nan -nan -nan -nan -nan -nan
2.31945166e+02 -nan -nan -nan -nan -nan -nan
2.34706418e+02 -nan -nan -nan -nan -nan -nan
2.37467670e+02 -nan -nan -nan -nan -nan -nan
2.40228922e+02 -nan -nan -nan -nan -nan -nan
2.42990174e+02 -nan -nan -nan -nan -nan -nan
2.45751426e+02 -nan -nan -nan -nan -nan -nan
2.48512678e+02 -nan -nan -nan -nan -nan -nan
2.51273930e+02 -nan -nan -nan -nan -nan -nan
2.54035182e+02 -nan -nan -nan -nan -nan -nan
2.56796434e+02 -nan -nan -nan -nan -nan -nan
2.59557686e+02 -nan -nan -nan -nan -nan -nan
2.62318938e+02 -nan -nan -nan -nan -nan -nan
2.65080190e+02 -nan -nan -nan -nan -nan -nan
2.67841442e+02 -nan -nan -nan -nan -nan -nan
2.70602694e+02 -nan -nan -nan -nan -nan -nan
2.73363946e+02 -nan -nan -nan -nan -nan -nan
